AREA .  .ABS.
	RADIX HEX
	BASE 0000
	SIZE 0000
	ATTRIB ABS OVR
	GLOBALS
		l__HEAP	0000
		l__BSEG	0000
		l_.  .ABS.	0000
		l__GSFINAL	0000
		l__ISEG	0000
		s_.  .ABS.	0000
		s__HEADER	0000
		l__XSEG	0000
		.init	0000
		l__OVERLAY	0000
		l__LIT	0000
		s__SFR	0000
		l__GSINITTAIL	0001
		l__BSS	0059
		l__HOME	01AC
		l__BASE	01B9
		l__HEADER	01E1
		s__CODE	0200
		l__CODE	0CA1
		l__DATA	0E1C
		s__HOME	0EA1
		s__BASE	104D
		s__LIT	1206
		s__GSINIT	1206
		l__GSINIT	5474
		s__GSINITTAIL	667A
		s__GSFINAL	667B
		.OAM	C000
		s__DATA	C0A0
		s__BSS	CEBC
		s__HEAP	CF15
		s__BSEG	CF15
		s__ISEG	CF15
		s__XSEG	CF15
		s__OVERLAY	CF15
		.STACK	E000
		.refresh_OAM	FF80
		l__SFR	10000
AREA _CODE
	RADIX HEX
	BASE 0200
	SIZE 0CA1
	ATTRIB REL CON
	GLOBALS
		_movegamecharacter	0200
		_CaveEntrenceSprites	028A
		_CharacterSprites	066A
		_performantdelay	097A
		_createwizard	098E
		_main	0A21
AREA _HEADER
	RADIX HEX
	BASE 0000
	SIZE 01E1
	ATTRIB ABS OVR
	GLOBALS
		_exit	01D2
AREA _HOME
	RADIX HEX
	BASE 0EA1
	SIZE 01AC
	ATTRIB REL CON
	GLOBALS
		.set_mode	0EA1
		.remove_VBL	0EB1
		.remove_LCD	0EB7
		.remove_TIM	0EBD
		.remove_SIO	0EC3
		.remove_JOY	0EC9
		.add_VBL	0ECF
		.add_LCD	0ED5
		.add_TIM	0EDB
		.add_SIO	0EE1
		.add_JOY	0EE7
		.remove_int	0EED
		.add_int	0F0D
		.wait_vbl_done	0F29
		_wait_vbl_done	0F29
		_display_off	0F40
		.display_off	0F40
		.serial_IO	0F61
		_mode	0F90
		_get_mode	0F99
		_enable_interrupts	0F9E
		_disable_interrupts	0FA0
		_reset	0FA2
		.reset	0FA2
		_set_interrupts	0FA8
		_remove_VBL	0FB3
		_remove_LCD	0FBE
		_remove_TIM	0FC9
		_remove_SIO	0FD4
		_remove_JOY	0FDF
		_add_VBL	0FEA
		_add_LCD	0FF5
		_add_TIM	1000
		_add_SIO	100B
		_add_JOY	1016
		_clock	1021
		__printTStates	102A
		banked_call	102B
		banked_ret	1044
AREA _BASE
	RADIX HEX
	BASE 104D
	SIZE 01B9
	ATTRIB REL CON
	GLOBALS
		_scroll_bkg	104D
		.mv_sprite	1063
		_move_sprite	1072
		_set_win_data	107F
		_set_bkg_data	107F
		_set_sprite_data	10CC
		.padup	10FB
		_waitpadup	10FB
		.jpad	110B
		.wait_pad	1138
		_joypad	113F
		_waitpad	1144
		.set_sprite_tile	114E
		_set_sprite_tile	115B
		.copy_vram	1166
		_get_data	1175
		_set_data	1175
		_set_bkg_tiles	1188
		.set_xy_wtt	119C
		.set_xy_btt	11AD
		.set_xy_tt	11BC
		_set_tiles	11ED
AREA _LIT
	RADIX HEX
	BASE 1206
	SIZE 0000
	ATTRIB REL CON
AREA _GSINIT
	RADIX HEX
	BASE 1206
	SIZE 5474
	ATTRIB REL CON
	GLOBALS
		gsinit	1206
AREA _GSINITTAIL
	RADIX HEX
	BASE 667A
	SIZE 0001
	ATTRIB REL CON
AREA _GSFINAL
	RADIX HEX
	BASE 667B
	SIZE 0000
	ATTRIB REL CON
AREA _DATA
	RADIX HEX
	BASE C0A0
	SIZE 0E1C
	ATTRIB REL CON
	GLOBALS
		_CaveEntrenceMap	C0A0
		_wizard	CEB0
		_spritesize	CEB8
		_animateCycle	CEB9
		_animationDelay	CEBA
		_steepsize	CEBB
AREA _BSS
	RADIX HEX
	BASE CEBC
	SIZE 0059
	ATTRIB REL CON
	GLOBALS
		__cpu	CEBC
		.mode	CEBD
		__io_out	CEBE
		__io_in	CEBF
		__io_status	CEC0
		.vbl_done	CEC1
		__current_bank	CEC2
		_sys_time	CEC3
		.sys_time	CEC3
		.int_0x40	CEC5
		.int_0x48	CED5
		.int_0x50	CEE5
		.int_0x58	CEF5
		.int_0x60	CF05
AREA _HEAP
	RADIX HEX
	BASE CF15
	SIZE 0000
	ATTRIB REL CON
	GLOBALS
		_malloc_heap_start	CF15
AREA _OVERLAY
	RADIX HEX
	BASE CF15
	SIZE 0000
	ATTRIB REL CON
AREA _ISEG
	RADIX HEX
	BASE CF15
	SIZE 0000
	ATTRIB REL CON
AREA _BSEG
	RADIX HEX
	BASE CF15
	SIZE 0000
	ATTRIB REL CON
AREA _XSEG
	RADIX HEX
	BASE CF15
	SIZE 0000
	ATTRIB REL CON
AREA _SFR
	RADIX HEX
	BASE 0000
	SIZE 10000
	ATTRIB ABS OVR
	GLOBALS
		_P1_REG	FF00
		_SB_REG	FF01
		_SC_REG	FF02
		_DIV_REG	FF04
		_TIMA_REG	FF05
		_TMA_REG	FF06
		_TAC_REG	FF07
		_IF_REG	FF0F
		_NR10_REG	FF10
		_NR11_REG	FF11
		_NR12_REG	FF12
		_NR13_REG	FF13
		_NR14_REG	FF14
		_NR21_REG	FF16
		_NR22_REG	FF17
		_NR23_REG	FF18
		_NR24_REG	FF19
		_NR30_REG	FF1A
		_NR31_REG	FF1B
		_NR32_REG	FF1C
		_NR33_REG	FF1D
		_NR34_REG	FF1E
		_NR41_REG	FF20
		_NR42_REG	FF21
		_NR43_REG	FF22
		_NR44_REG	FF23
		_NR50_REG	FF24
		_NR51_REG	FF25
		_NR52_REG	FF26
		_LCDC_REG	FF40
		_STAT_REG	FF41
		_SCY_REG	FF42
		_SCX_REG	FF43
		_LY_REG	FF44
		_LYC_REG	FF45
		_DMA_REG	FF46
		_BGP_REG	FF47
		_OBP0_REG	FF48
		_OBP1_REG	FF49
		_WY_REG	FF4A
		_WX_REG	FF4B
		_KEY1_REG	FF4D
		_VBK_REG	FF4F
		_HDMA1_REG	FF51
		_HDMA2_REG	FF52
		_HDMA3_REG	FF53
		_HDMA4_REG	FF54
		_HDMA5_REG	FF55
		_RP_REG	FF56
		_BCPS_REG	FF68
		_BCPD_REG	FF69
		_OCPS_REG	FF6A
		_OCPD_REG	FF6B
		_SVBK_REG	FF70
		_IE_REG	FFFF
MODULES
	FILE c:\gbdk\lib/small/asxxxx/gb/crt0.o
		NAME Runtime
	FILE main.o
		NAME lcc37520
LIBRARIES
	LIBRARY c:\gbdk\lib/small/asxxxx/gb/gb.lib
		MODULE sfr.o
	LIBRARY c:\gbdk\lib/small/asxxxx/gb/gb.lib
		MODULE scroll_b.o
	LIBRARY c:\gbdk\lib/small/asxxxx/gb/gb.lib
		MODULE mv_spr.o
	LIBRARY c:\gbdk\lib/small/asxxxx/gb/gb.lib
		MODULE set_data.o
	LIBRARY c:\gbdk\lib/small/asxxxx/gb/gb.lib
		MODULE pad.o
	LIBRARY c:\gbdk\lib/small/asxxxx/gb/gb.lib
		MODULE set_spr.o
	LIBRARY c:\gbdk\lib/small/asxxxx/gb/gb.lib
		MODULE cpy_data.o
	LIBRARY c:\gbdk\lib/small/asxxxx/gb/gb.lib
		MODULE set_bk_t.o
	LIBRARY c:\gbdk\lib/small/asxxxx/gb/gb.lib
		MODULE set_xy_t.o
USERBASEDEF
	_CODE=0x0200
	_DATA=0xC0A0
	_CODE_1=0x4000
USERGLOBALDEF
	.OAM=0xC000
	.STACK=0xE000
	.refresh_OAM=0xFF80
	.init=0x0000
